     1                                  ;hello-os
     2                                  ;TAB = 4
     3                                  
     4                                      ORG 0x7c00 ;このプログラムがどこに読み込まれるか記述する
     5                                  
     6                                  ;FAT12フロッピーのための記述
     7                                      
     8 00000000 EB51                        JMP     entry
     9 00000002 90                          DB      0x90
    10                                  
    11 00000003 EB4E90                      DB      0xeb,0x4e,0x90
    12 00000006 48454C4C4F49504C            DB      "HELLOIPL"  ;ブートセクタの名前
    13 0000000E 0002                        DW      512         ;1セクタの大きさ（セクタ：データを読み書きする単位）
    14 00000010 01                          DB      1           ;クラスタの大きさ(クラスタ：セクタの集まり、ファイルに割り当てる最小の単位)
    15 00000011 0100                        DW      1           ;FATがどこからはじまるか（FAT：File Allocation Tables）
    16 00000013 02                          DB      2           ;FATの個数
    17 00000014 E000                        DW      224         ;ルートディレクトリの大きさ
    18 00000016 400B                        DW      2880        ;このドライブの大きさ
    19 00000018 F0                          DB      0xf0        ;メディアタイプ
    20 00000019 0900                        DW      9           ;FAT領域の長さ
    21 0000001B 1200                        DW      18          ;１トラックにいくつセクタがあるか
    22 0000001D 0200                        DW      2           ;ヘッドの数
    23 0000001F 00000000                    DD      0           ;パーティションを使っていないので必ず0にする
    24 00000023 400B0000                    DD      2880        ;ドライブの大きさ
    25 00000027 000029                      DB      0,0,0x29    ;
    26 0000002A FFFFFFFF                    DD      0xffffffff  ;
    27 0000002E 48454C4C4F2D4F5320-         DB      "HELLO-OS   "  ;ディスクの名前(11バイト)
    27 00000037 2020               
    28 00000039 4641543132202020            DB      "FAT12   "     ;フォーマットの名前（8バイト）
    29 00000041 <res 00000012>              RESB    18      
    29          ******************       warning: uninitialized space declared in .text section: zeroing
    30                                  
    31                                  ;main
    32                                      entry:
    33 00000053 B80000                          MOV AX,0    ;レジスタの初期化
    34 00000056 8ED0                            MOV SS,AX   
    35 00000058 BC007C                          MOV SP,0x7c00
    36 0000005B 8ED8                            MOV DS,AX
    37 0000005D 8EC0                            MOV ES,AX
    38                                  
    39 0000005F BE[7700]                        MOV SI,msg
    40                                      
    41                                      putloop:
    42 00000062 8A04                            MOV AL,[SI]
    43 00000064 83C601                          ADD SI,1
    44 00000067 3C00                            CMP AL,0
    45 00000069 7409                            JE  fin
    46 0000006B B40E                            MOV AH,0x0e ;1文字表示ファンクション
    47 0000006D BB0F00                          MOV BX,15   ;カラーコード
    48 00000070 CD10                            INT 0x10    ;ビデオBIOS呼び出し
    49 00000072 EBEE                            JMP putloop
    50                                      
    51                                      fin:   
    52 00000074 F4                              HLT ;CPU停止(待機状態)
    53 00000075 EBFD                            JMP fin ;無限ループ
    54                                          
    55                                      msg:
    56 00000077 0A0A                            DB  0x0a,0x0a
    57 00000079 68656C6C6F2C776F72-             DB  "hello,world2"
    57 00000082 6C6432             
    58 00000085 0A                              DB  0x0a
    59 00000086 00                              DB  0
    60                                  
    61 00000087 <res 00000177>                  RESB    0x1fe-($-$$)
    61          ******************       warning: uninitialized space declared in .text section: zeroing
    62 000001FE 55AA                            DB 0x55,0xaa
    63                                  
    64                                  
